// 重构日志: 9d78e938
// 重构日志: f041dc7b
// 同步 ID: aef25a92 @ Thu Jul 23 16:09:43 UTC 2026
// 同步 ID: 51b18cae @ Fri Jul 24 08:54:40 UTC 2026
// 重构日志: 6c1db78d
// 重构日志: eca278c0
// 重构日志: 689ee165
// 重构日志: 0dba6144
// 重构日志: dd1566e5
// 重构日志: 86f24dc4
// 重构日志: 8bb970ee
// 同步 ID: dde5e977 @ Tue Jul 28 17:30:13 UTC 2026
// 同步 ID: 9ee44006 @ Tue Jul 28 22:57:03 UTC 2026
// 重构日志: 542ecdba
// 同步 ID: f01ba488 @ Wed Jul 29 08:57:08 UTC 2026
// 重构日志: 85de8d58
// 重构日志: fec0e623
// 同步 ID: 4abdb22e @ Thu Jul 30 05:27:33 UTC 2026
// 重构日志: c6521dfc
// 同步 ID: 4fbbfbdd @ Thu Jul 30 15:44:59 UTC 2026
// 重构日志: 0701b36d
// 重构日志: 17f91bce
// 重构日志: a7e650d6
// 重构日志: d4a2f6e3
// 重构日志: 766f9c97
// 重构日志: b945e1a3
// 同步 ID: 9fa8a445 @ Tue Aug  4 21:06:33 UTC 2026
// 同步 ID: e793ed3b @ Thu Aug  6 08:28:05 UTC 2026
// 同步 ID: f44cba80 @ Fri Aug  7 07:35:44 UTC 2026
// 同步 ID: acf7f7d5 @ Fri Aug  7 09:15:19 UTC 2026
// 重构日志: 2151b6dd
